Retrieving project…
Deploying floor-interior-services-projects/floor-interior-service
Uploading [--------------------] (0.0B/52.3KB)
Uploading [======--------------] (16.0KB/52.3KB)
Uploading [============--------] (32.0KB/52.3KB)
Uploading [==================--] (48.0KB/52.3KB)
Uploading [====================] (52.3KB/52.3KB)
Inspect: https://vercel.com/floor-interior-services-projects/floor-interior-service/8YmGT31DptWSMcD9dwcxrnNJRuzm [2m]
Production: https://floor-interior-service-djlavt37s.vercel.app [2m]
https://floor-interior-service-djlavt37s.vercel.appBuilding...
Building...
Building: Running build in Washington, D.C., USA (East) – iad1
Building: Build machine configuration: 4 cores, 8 GB
Building: Retrieving list of deployment files...
Building: Downloading 554 deployment files...
Building: Restored build cache from previous deployment (HJvh55uTkoSUXVGtSg8qqGcUJyHK)
Building: Warning: "vercel" found in project dependencies and will be ignored.
Building: Running "vercel build"
Building: Vercel CLI 58.1.0
Building: Running "install" command: `npm install`...
Building: > floor-interior-service@1.0.0 postinstall
Building: > prisma generate
Building: Prisma schema loaded from prisma/schema.prisma
Building: ✔ Generated Prisma Client (v5.22.0) to ./node_modules/@prisma/client in 513ms
Building: Start by importing your Prisma Client (See: https://pris.ly/d/importing-client)
Building: Help us improve the Prisma ORM for everyone. Share your feedback in a short 2-min survey: https://pris.ly/orm/survey/release-5-22
Building: up to date, audited 728 packages in 9s
Building: 98 packages are looking for funding
Building: run `npm fund` for details
Building: 45 vulnerabilities (1 low, 8 moderate, 34 high, 2 critical)
Building: To address issues that do not require attention, run:
Building: npm audit fix
Building: To address all issues possible (including breaking changes), run:
Building: npm audit fix --force
Building: Some issues need review, and may require choosing
Building: a different dependency.
Building: Run `npm audit` for details.
Building: Detected Next.js version: 14.2.35
Building: Running "npm run vercel-build"
Building: > floor-interior-service@1.0.0 vercel-build
Building: > prisma migrate deploy && prisma generate && next build
Building: Prisma schema loaded from prisma/schema.prisma
Building: Datasource "db": PostgreSQL database "neondb", schema "public" at "[REDACTED]"
Building: 61 migrations found in prisma/migrations
Building: No pending migrations to apply.
Building: ┌─────────────────────────────────────────────────────────┐
Building: │  Update available 5.22.0 -> 7.9.1                       │
Building: │                                                         │
Building: │  This is a major update - please follow the guide at    │
Building: │  https://pris.ly/d/major-version-upgrade                │
Building: │                                                         │
Building: │  Run the following to update                            │
Building: │    npm i --save-dev prisma@latest                       │
Building: │    npm i @prisma/client@latest                          │
Building: └─────────────────────────────────────────────────────────┘
Building: Prisma schema loaded from prisma/schema.prisma
Building: ✔ Generated Prisma Client (v5.22.0) to ./node_modules/@prisma/client in 481ms
Building: Start by importing your Prisma Client (See: https://pris.ly/d/importing-client)
Building: Tip: Interested in query caching in just a few lines of code? Try Accelerate today! https://pris.ly/tip-3-accelerate
Building: ▲ Next.js 14.2.35
Building: Creating an optimized production build ...
Building: Browserslist: browsers data (caniuse-lite) is 6 months old. Please run:
Building: npx update-browserslist-db@latest
Building: Why you should do it regularly: https://github.com/browserslist/update-db#readme
Building: Browserslist: caniuse-lite is outdated. Please run:
Building: npx update-browserslist-db@latest
Building: Why you should do it regularly: https://github.com/browserslist/update-db#readme
Building: ✓ Compiled successfully
Building: Linting and checking validity of types ...
Building: Collecting page data ...
Building: Generating static pages (0/120) ...
Building: Generating static pages (30/120)
Building: 🔊 Test voice API called - generating speech with nova voice
Building: 🔊 ===== GENERATING SPEECH =====
Building: 🔊 Voice setting: nova
Building: 🔊 Model: tts-1
Building: 🔊 Text length: 63
Building: (node:525) [DEP0169] DeprecationWarning: `url.parse()` behavior is not standardized and prone to errors that have security implications. Use the WHATWG URL API instead. CVEs are not issued for `url.parse()` vulnerabilities.
Building: (Use `node --trace-deprecation ...` to show where the warning was created)
Building: Generating static pages (60/120)
Building: 🔊 Speech generated successfully with voice: nova
Building: 🔊 ===== END SPEECH GENERATION =====
Building: Generating static pages (90/120)
Building: ✓ Generating static pages (120/120)
Building: Finalizing page optimization ...
Building: Collecting build traces ...
Building: Route (app)                                                                     Size     First Load JS
Building: ┌ ○ /                                                                           4.92 kB         157 kB
Building: ├ ○ /_not-found                                                                 880 B            89 kB
Building: ├ ƒ /api/admin/audit                                                            0 B                0 B
Building: ├ ƒ /api/admin/audit/security-status                                            0 B                0 B
Building: ├ ƒ /api/admin/change-requests                                                  0 B                0 B
Building: ├ ƒ /api/admin/change-requests/[id]                                             0 B                0 B
Building: ├ ƒ /api/admin/change-requests/count                                            0 B                0 B
Building: ├ ƒ /api/admin/claims                                                           0 B                0 B
Building: ├ ƒ /api/admin/claims/[claimId]/documents                                       0 B                0 B
Building: ├ ƒ /api/admin/claims/[claimId]/documents/[documentId]                          0 B                0 B
Building: ├ ƒ /api/admin/installers/[id]/agreements/independent-contractor-services/send  0 B                0 B
Building: ├ ƒ /api/admin/installers/[id]/agreements/independent-contractor-services/sign  0 B                0 B
Building: ├ ƒ /api/admin/installers/[id]/agreements/upload                                0 B                0 B
Building: ├ ƒ /api/admin/installers/[id]/generate-independent-contractor-contract         0 B                0 B
Building: ├ ƒ /api/admin/installers/[id]/jobs                                             0 B                0 B
Building: ├ ƒ /api/admin/installers/credentials                                           0 B                0 B
Building: ├ ƒ /api/admin/installers/names                                                 0 B                0 B
Building: ├ ƒ /api/admin/licences                                                         0 B                0 B
Building: ├ ƒ /api/admin/licences/[licenceId]/documents                                   0 B                0 B
Building: ├ ƒ /api/admin/licences/[licenceId]/documents/[documentId]                      0 B                0 B
Building: ├ ƒ /api/admin/ltr/batches                                                      0 B                0 B
Building: ├ ƒ /api/admin/ltr/batches/delete                                               0 B                0 B
Building: ├ ƒ /api/admin/ltr/details                                                      0 B                0 B
Building: ├ ƒ /api/admin/ltr/send-to-all                                                  0 B                0 B
Building: ├ ƒ /api/admin/ltr/send-to-installer                                            0 B                0 B
Building: ├ ƒ /api/admin/ltr/summary                                                      0 B                0 B
Building: ├ ƒ /api/admin/ltr/upload                                                       0 B                0 B
Building: ├ ƒ /api/admin/messages/email                                                   0 B                0 B
Building: ├ ƒ /api/admin/onboarding-matrix                                                0 B                0 B
Building: ├ ƒ /api/admin/onboarding-matrix/cell                                           0 B                0 B
Building: ├ ƒ /api/admin/onboarding-matrix/manual                                         0 B                0 B
Building: ├ ƒ /api/admin/onboarding-matrix/manual/[id]                                    0 B                0 B
Building: ├ ƒ /api/admin/onboarding-matrix/reorder                                        0 B                0 B
Building: ├ ƒ /api/admin/report                                                           0 B                0 B
Building: ├ ƒ /api/admin/report/manual                                                    0 B                0 B
Building: ├ ƒ /api/admin/report/manual/[id]                                               0 B                0 B
Building: ├ ƒ /api/admin/signatures/independent-contractor-services                       0 B                0 B
Building: ├ ƒ /api/admin/signatures/independent-contractor-services/count                 0 B                0 B
Building: ├ ƒ /api/admin/signatures/independent-contractor-services/delete                0 B                0 B
Building: ├ ƒ /api/admin/signatures/independent-contractor-services/mark-email-sent       0 B                0 B
Building: ├ ƒ /api/admin/signatures/independent-contractor-services/set-signed-document   0 B                0 B
Building: ├ ƒ /api/admin/signatures/independent-contractor-services/set-status            0 B                0 B
Building: ├ ƒ /api/admin/signatures/independent-contractor-services/sign                  0 B                0 B
Building: ├ ƒ /api/admin/signatures/independent-contractor-services/upload-signed-pdf     0 B                0 B
Building: ├ ƒ /api/admin/survey/batches                                                   0 B                0 B
Building: ├ ƒ /api/admin/survey/details                                                   0 B                0 B
Building: ├ ƒ /api/admin/survey/summary                                                   0 B                0 B
Building: ├ ƒ /api/admin/survey/upload                                                    0 B                0 B
Building: ├ ƒ /api/admin/updates                                                          0 B                0 B
Building: ├ ƒ /api/admin/updates/[id]                                                     0 B                0 B
Building: ├ ƒ /api/admin/updates/count                                                    0 B                0 B
Building: ├ ƒ /api/admins                                                                 0 B                0 B
Building: ├ ƒ /api/admins/[id]                                                            0 B                0 B
Building: ├ ƒ /api/analytics                                                              0 B                0 B
Building: ├ ƒ /api/auth/[...nextauth]                                                     0 B                0 B
Building: ├ ƒ /api/auth/profile-photo                                                     0 B                0 B
Building: ├ ƒ /api/auth/redirect                                                          0 B                0 B
Building: ├ ƒ /api/blob/upload                                                            0 B                0 B
Building: ├ ƒ /api/cilio/enterprise                                                       0 B                0 B
Building: ├ ƒ /api/cilio/enterprise/[groupNumber]                                         0 B                0 B
Building: ├ ƒ /api/cilio/jobs                                                             0 B                0 B
Building: ├ ƒ /api/cilio/jobs/[orderNumber]                                               0 B                0 B
Building: ├ ƒ /api/cilio/jobs/[orderNumber]/attachment/[attachmentNumber]/file            0 B                0 B
Building: ├ ƒ /api/cilio/jobs/[orderNumber]/attachments                                   0 B                0 B
Building: ├ ƒ /api/cilio/jobs/[orderNumber]/lineitems                                     0 B                0 B
Building: ├ ƒ /api/cilio/jobs/[orderNumber]/notes                                         0 B                0 B
Building: ├ ƒ /api/cilio/jobs/auto-sync                                                   0 B                0 B
Building: ├ ƒ /api/cilio/jobs/diagnostic                                                  0 B                0 B
Building: ├ ƒ /api/cilio/jobs/saved                                                       0 B                0 B
Building: ├ ƒ /api/cilio/jobs/sync                                                        0 B                0 B
Building: ├ ƒ /api/cilio/statuses                                                         0 B                0 B
Building: ├ ƒ /api/debug-auth                                                             0 B                0 B
Building: ├ ƒ /api/enterprise/analytics                                                   0 B                0 B
Building: ├ ƒ /api/gps/devices                                                            0 B                0 B
Building: ├ ○ /api/gps/diagnose                                                           0 B                0 B
Building: ├ ƒ /api/gps/history/backfill                                                   0 B                0 B
Building: ├ ƒ /api/gps/positions                                                          0 B                0 B
Building: ├ ƒ /api/gps/route                                                              0 B                0 B
Building: ├ ƒ /api/gps/sync                                                               0 B                0 B
Building: ├ ƒ /api/health/db                                                              0 B                0 B
Building: ├ ƒ /api/installers                                                             0 B                0 B
Building: ├ ƒ /api/installers/[id]                                                        0 B                0 B
Building: ├ ƒ /api/installers/[id]/agree-nda                                              0 B                0 B
Building: ├ ƒ /api/installers/[id]/agreements                                             0 B                0 B
Building: ├ ƒ /api/installers/[id]/agreements/background-authorization                    0 B                0 B
Building: ├ ƒ /api/installers/[id]/agreements/independent-contractor-services             0 B                0 B
Building: ├ ƒ /api/installers/[id]/agreements/nda                                         0 B                0 B
Building: ├ ƒ /api/installers/[id]/agreements/service-agreement                           0 B                0 B
Building: ├ ƒ /api/installers/[id]/agreements/w-9                                         0 B                0 B
Building: ├ ƒ /api/installers/[id]/documents                                              0 B                0 B
Building: ├ ƒ /api/installers/[id]/documents/[documentId]                                 0 B                0 B
Building: ├ ƒ /api/installers/[id]/history                                                0 B                0 B
Building: ├ ƒ /api/installers/[id]/history/[historyId]                                    0 B                0 B
Building: ├ ƒ /api/installers/[id]/messages                                               0 B                0 B
Building: ├ ƒ /api/installers/[id]/notifications                                          0 B                0 B
Building: ├ ƒ /api/installers/[id]/notifications/[notificationId]                         0 B                0 B
Building: ├ ƒ /api/installers/[id]/notifications/[notificationId]/read                    0 B                0 B
Building: ├ ƒ /api/installers/[id]/notifications/mark-all-read                            0 B                0 B
Building: ├ ƒ /api/installers/[id]/send-status-email                                      0 B                0 B
Building: ├ ƒ /api/installers/[id]/sign-service-agreement                                 0 B                0 B
Building: ├ ƒ /api/installers/[id]/staff                                                  0 B                0 B
Building: ├ ƒ /api/installers/[id]/staff/[staffId]                                        0 B                0 B
Building: ├ ƒ /api/installers/[id]/staff/upload-photo                                     0 B                0 B
Building: ├ ƒ /api/installers/check-expirations                                           0 B                0 B
Building: ├ ƒ /api/installers/check-incomplete-interviews                                 0 B                0 B
Building: ├ ƒ /api/installers/create-account                                              0 B                0 B
Building: ├ ƒ /api/installers/delete-account                                              0 B                0 B
Building: ├ ƒ /api/installers/forgot-password                                             0 B                0 B
Building: ├ ƒ /api/installers/login                                                       0 B                0 B
Building: ├ ƒ /api/installers/magic-link                                                  0 B                0 B
Building: ├ ƒ /api/installers/remarks                                                     0 B                0 B
Building: ├ ƒ /api/installers/reset-password                                              0 B                0 B
Building: ├ ƒ /api/installers/send-verification                                           0 B                0 B
Building: ├ ƒ /api/installers/survey/deliveries                                           0 B                0 B
Building: ├ ƒ /api/installers/survey/details                                              0 B                0 B
Building: ├ ƒ /api/installers/upload-photo                                                0 B                0 B
Building: ├ ƒ /api/installers/validate-reset-token                                        0 B                0 B
Building: ├ ƒ /api/installers/verify                                                      0 B                0 B
Building: ├ ƒ /api/installers/verify-email                                                0 B                0 B
Building: ├ ƒ /api/interview/complete                                                     0 B                0 B
Building: ├ ƒ /api/interview/respond                                                      0 B                0 B
Building: ├ ƒ /api/interview/start                                                        0 B                0 B
Building: ├ ƒ /api/interview/transcribe                                                   0 B                0 B
Building: ├ ƒ /api/inventory-cycles                                                       0 B                0 B
Building: ├ ƒ /api/jobs                                                                   0 B                0 B
Building: ├ ƒ /api/jobs/[id]                                                              0 B                0 B
Building: ├ ƒ /api/jobs/[id]/applications/[applicationId]                                 0 B                0 B
Building: ├ ƒ /api/jobs/[id]/apply                                                        0 B                0 B
Building: ├ ƒ /api/jobs/analytics                                                         0 B                0 B
Building: ├ ƒ /api/messages/upload                                                        0 B                0 B
Building: ├ ƒ /api/notifications                                                          0 B                0 B
Building: ├ ƒ /api/notifications/count                                                    0 B                0 B
Building: ├ ƒ /api/notifications/survey-count                                             0 B                0 B
Building: ├ ƒ /api/notifications/survey-mark-read                                         0 B                0 B
Building: ├ ƒ /api/pad-orders                                                             0 B                0 B
Building: ├ ƒ /api/pad-orders/upload                                                      0 B                0 B
Building: ├ ƒ /api/pad-transfers                                                          0 B                0 B
Building: ├ ƒ /api/properties                                                             0 B                0 B
Building: ├ ƒ /api/properties/[propertyId]                                                0 B                0 B
Building: ├ ƒ /api/properties/[propertyId]/inventory                                      0 B                0 B
Building: ├ ƒ /api/properties/[propertyId]/inventory/[inventoryId]                        0 B                0 B
Building: ├ ƒ /api/properties/[propertyId]/inventory/[inventoryId]/upload-photo           0 B                0 B
Building: ├ ƒ /api/properties/[propertyId]/locations                                      0 B                0 B
Building: ├ ƒ /api/properties/[propertyId]/locations/[locationId]                         0 B                0 B
Building: ├ ƒ /api/properties/[propertyId]/locations/[locationId]/documents               0 B                0 B
Building: ├ ƒ /api/properties/[propertyId]/locations/[locationId]/documents/[documentId]  0 B                0 B
Building: ├ ƒ /api/properties/[propertyId]/locations/[locationId]/upload-photo            0 B                0 B
Building: ├ ƒ /api/properties/[propertyId]/vehicles                                       0 B                0 B
Building: ├ ƒ /api/properties/[propertyId]/vehicles/[vehicleId]                           0 B                0 B
Building: ├ ƒ /api/properties/[propertyId]/vehicles/[vehicleId]/documents                 0 B                0 B
Building: ├ ƒ /api/properties/[propertyId]/vehicles/[vehicleId]/documents/[documentId]    0 B                0 B
Building: ├ ƒ /api/properties/[propertyId]/vehicles/[vehicleId]/upload-photo              0 B                0 B
Building: ├ ƒ /api/properties/by-email                                                    0 B                0 B
Building: ├ ƒ /api/properties/login                                                       0 B                0 B
Building: ├ ƒ /api/properties/manage/[id]                                                 0 B                0 B
Building: ├ ƒ /api/properties/safety-walks                                                0 B                0 B
Building: ├ ƒ /api/properties/verify                                                      0 B                0 B
Building: ├ ƒ /api/ringcentral/call-logs                                                  0 B                0 B
Building: ├ ƒ /api/ringcentral/diagnostic                                                 0 B                0 B
Building: ├ ƒ /api/test-callback                                                          0 B                0 B
Building: ├ ○ /api/test-voice                                                             0 B                0 B
Building: ├ ƒ /api/tracking                                                               0 B                0 B
Building: ├ ƒ /api/tracking/[id]                                                          0 B                0 B
Building: ├ ○ /auth/access-denied                                                         1.99 kB         138 kB
Building: ├ ○ /auth/error                                                                 1.81 kB         137 kB
Building: ├ ○ /create-account                                                             4.12 kB         147 kB
Building: ├ ○ /dashboard                                                                  29.6 kB         209 kB
Building: ├ ƒ /dashboard/analytics                                                        56.1 kB         218 kB
Building: ├ ○ /dashboard/approvals                                                        8.38 kB         194 kB
Building: ├ ○ /dashboard/claims                                                           205 B           176 kB
Building: ├ ○ /dashboard/corporate                                                        3.59 kB         165 kB
Building: ├ ○ /dashboard/corporate/bol                                                    9.22 kB         261 kB
Building: ├ ○ /dashboard/corporate/btr                                                    373 B           170 kB
Building: ├ ○ /dashboard/corporate/claims                                                 254 B           176 kB
Building: ├ ○ /dashboard/corporate/documents                                              155 B          88.3 kB
Building: ├ ○ /dashboard/corporate/firm-lead                                              367 B           170 kB
Building: ├ ○ /dashboard/corporate/inventory-cycle                                        7.72 kB         259 kB
Building: ├ ○ /dashboard/corporate/liability                                              367 B           170 kB
Building: ├ ○ /dashboard/corporate/licences                                               9.28 kB         171 kB
Building: ├ ○ /dashboard/corporate/lrrp                                                   382 B           170 kB
Building: ├ ○ /dashboard/corporate/pad-transfer                                           8.77 kB         260 kB
Building: ├ ○ /dashboard/correction                                                       2.16 kB         140 kB
Building: ├ ƒ /dashboard/installers/[id]                                                  47.8 kB         240 kB
Building: ├ ƒ /dashboard/installers/[id]/agreements/background-authorization              3.73 kB         132 kB
Building: ├ ƒ /dashboard/installers/[id]/agreements/nda                                   3.73 kB         132 kB
Building: ├ ƒ /dashboard/installers/[id]/agreements/service-agreement                     3.4 kB          132 kB
Building: ├ ƒ /dashboard/installers/[id]/agreements/w-9                                   4.39 kB         133 kB
Building: ├ ○ /dashboard/jobs                                                             3.21 kB         165 kB
Building: ├ ƒ /dashboard/jobs/[id]                                                        4.12 kB         166 kB
Building: ├ ○ /dashboard/jobs/analytics                                                   10.8 kB         172 kB
Building: ├ ○ /dashboard/jobs/audit                                                       4.72 kB         166 kB
Building: ├ ○ /dashboard/jobs/cilio                                                       16.3 kB         175 kB
Building: ├ ○ /dashboard/jobs/enterprise                                                  3.87 kB         166 kB
Building: ├ ○ /dashboard/jobs/reports                                                     12.1 kB         174 kB
Building: ├ ○ /dashboard/ltr                                                              5.69 kB         134 kB
Building: ├ ○ /dashboard/messages                                                         8.91 kB         171 kB
Building: ├ ○ /dashboard/notifications                                                    4.42 kB         166 kB
Building: ├ ○ /dashboard/remarks                                                          6.86 kB         169 kB
Building: ├ ○ /dashboard/report                                                           6.57 kB         137 kB
Building: ├ ○ /dashboard/settings                                                         8.29 kB         170 kB
Building: ├ ○ /dashboard/signature                                                        6.57 kB         135 kB
Building: ├ ○ /dashboard/survey                                                           5.72 kB         134 kB
Building: ├ ○ /dashboard/tracking                                                         23.1 kB         187 kB
Building: ├ ○ /dashboard/updates                                                          25.4 kB         169 kB
Building: ├ ○ /icon.png                                                                   0 B                0 B
Building: ├ ○ /installer                                                                  155 B          88.3 kB
Building: ├ ○ /installer/account-deletion                                                 299 B          97.1 kB
Building: ├ ○ /installer/agreements                                                       5.57 kB         115 kB
Building: ├ ○ /installer/agreements/background-authorization                              6.12 kB         107 kB
Building: ├ ○ /installer/agreements/nda                                                   4.71 kB         114 kB
Building: ├ ○ /installer/agreements/service-agreement                                     4.55 kB         105 kB
Building: ├ ○ /installer/agreements/w-9                                                   6.18 kB         107 kB
Building: ├ ○ /installer/attachments                                                      6.76 kB         159 kB
Building: ├ ○ /installer/dashboard                                                        155 B          88.3 kB
Building: ├ ○ /installer/forgot-password                                                  3.65 kB         146 kB
Building: ├ ○ /installer/help                                                             4.2 kB          138 kB
Building: ├ ƒ /installer/jobs/[id]                                                        3.59 kB         137 kB
Building: ├ ○ /installer/login                                                            3.9 kB          138 kB
Building: ├ ○ /installer/magic-link                                                       2.77 kB         145 kB
Building: ├ ○ /installer/notifications                                                    9.14 kB         143 kB
Building: ├ ○ /installer/payment                                                          5.58 kB         139 kB
Building: ├ ○ /installer/profile                                                          25.6 kB         179 kB
Building: ├ ○ /installer/referrals                                                        4.32 kB         138 kB
Building: ├ ○ /installer/reset-password                                                   4.02 kB         146 kB
Building: ├ ○ /installer/survey                                                           5.39 kB         106 kB
Building: ├ ○ /interview                                                                  6.12 kB         140 kB
Building: ├ ƒ /interview/[id]                                                             13.6 kB         147 kB
Building: ├ ○ /login                                                                      5.2 kB          157 kB
Building: ├ ○ /property                                                                   3.78 kB         156 kB
Building: ├ ○ /property/dashboard                                                         9.66 kB         162 kB
Building: ├ ○ /property/facilities                                                        17.2 kB         169 kB
Building: ├ ○ /property/fleet                                                             10 kB           179 kB
Building: ├ ○ /property/gps                                                               13.5 kB         169 kB
Building: ├ ○ /property/help                                                              5.98 kB         158 kB
Building: ├ ○ /property/inventory                                                         20.7 kB         190 kB
Building: ├ ○ /property/login                                                             3.54 kB         156 kB
Building: ├ ○ /property/ring-central                                                      9.78 kB         171 kB
Building: ├ ○ /property/safety-walk                                                       11.8 kB         174 kB
Building: ├ ○ /property/settings                                                          9.36 kB         161 kB
Building: ├ ○ /setup-password                                                             3.92 kB         138 kB
Building: └ ○ /verify-email                                                               2.85 kB         145 kB
Building: + First Load JS shared by all                                                   88.1 kB
Building: ├ chunks/2117-5fca94171a343b5e.js                                             31.9 kB
Building: ├ chunks/fd9d1056-6d9989301f8cfbdc.js                                         53.6 kB
Building: └ other shared chunks (total)                                                 2.57 kB
Building: ○  (Static)   prerendered as static content
Building: ƒ  (Dynamic)  server-rendered on demand
Building: Traced Next.js server files in: 32.989ms
Building: Created all serverless functions in: 1.413s
Building: Collected static files (public/, static/, .next/static): 19.267ms
Building: Build Completed in /vercel/output [1m]
Building: Deploying outputs...
Building: Deployment completed
Building: Creating build cache...
[2K[1A[2K[GProduction: https://floor-interior-service-djlavt37s.vercel.app [4m]
Completing...
Aliased: https://job.floorinteriorservices.com [4m]

Common next commands:
- `vercel inspect floor-interior-service-djlavt37s.vercel.app --logs`
- `vercel redeploy floor-interior-service-djlavt37s.vercel.app`
